#
# There is insufficient memory for the Java Runtime Environment to continue.
# Native memory allocation (malloc) failed to allocate 1284496 bytes for Chunk::new
# Possible reasons:
#   The system is out of physical RAM or swap space
#   The process is running with CompressedOops enabled, and the Java Heap may be blocking the growth of the native heap
# Possible solutions:
#   Reduce memory load on the system
#   Increase physical memory or swap space
#   Check if swap backing store is full
#   Decrease Java heap size (-Xmx/-Xms)
#   Decrease number of Java threads
#   Decrease Java thread stack sizes (-Xss)
#   Set larger code cache with -XX:ReservedCodeCacheSize=
#   JVM is running with Zero Based Compressed Oops mode in which the Java heap is
#     placed in the first 32GB address space. The Java Heap base address is the
#     maximum limit for the native heap growth. Please use -XX:HeapBaseMinAddress
#     to set the Java Heap base and to place the Java Heap above 32GB virtual address.
# This output file may be truncated or incomplete.
#
#  Out of Memory Error (arena.cpp:168), pid=19496, tid=72032
#
# JRE version: Java(TM) SE Runtime Environment (21.0.4+8) (build 21.0.4+8-LTS-274)
# Java VM: Java HotSpot(TM) 64-Bit Server VM (21.0.4+8-LTS-274, mixed mode, sharing, tiered, compressed oops, compressed class ptrs, g1 gc, windows-amd64)
# No core dump will be written. Minidumps are not enabled by default on client versions of Windows
#

---------------  S U M M A R Y ------------

Command Line: -XX:+ShowCodeDetailsInExceptionMessages com.example.TripSpring.TripSpringApplication

Host: 12th Gen Intel(R) Core(TM) i5-12450H, 12 cores, 23G,  Windows 11 , 64 bit Build 22621 (10.0.22621.4391)
Time: Tue Jan 28 17:40:48 2025  Windows 11 , 64 bit Build 22621 (10.0.22621.4391) elapsed time: 5.107427 seconds (0d 0h 0m 5s)

---------------  T H R E A D  ---------------

Current thread (0x000002957d050cc0):  JavaThread "C2 CompilerThread1" daemon [_thread_in_native, id=72032, stack(0x000000d7dd700000,0x000000d7dd800000) (1024K)]


Current CompileTask:
C2:   5107 5069       4       org.springframework.core.annotation.AnnotationsScanner::process (55 bytes)

Stack: [0x000000d7dd700000,0x000000d7dd800000]
Native frames: (J=compiled Java code, j=interpreted, Vv=VM code, C=native code)
V  [jvm.dll+0x6c8e59]
V  [jvm.dll+0x853181]
V  [jvm.dll+0x8556ae]
V  [jvm.dll+0x855d83]
V  [jvm.dll+0x27d526]
V  [jvm.dll+0xc4aad]
V  [jvm.dll+0xc4fe3]
V  [jvm.dll+0x3b3fd2]
V  [jvm.dll+0x1df243]
V  [jvm.dll+0x2463d2]
V  [jvm.dll+0x24585f]
V  [jvm.dll+0x1c69de]
V  [jvm.dll+0x254d49]
V  [jvm.dll+0x2532da]
V  [jvm.dll+0x3ed426]
V  [jvm.dll+0x7fd65b]
V  [jvm.dll+0x6c753d]
C  [ucrtbase.dll+0x29333]
C  [KERNEL32.DLL+0x1259d]
C  [ntdll.dll+0x5af38]


---------------  P R O C E S S  ---------------

Threads class SMR info:
_java_thread_list=0x0000029541ecca20, length=24, elements={
0x0000029554bd1920, 0x00000295785f14e0, 0x00000295785f2200, 0x00000295785f3dd0,
0x00000295785f4830, 0x00000295785f62a0, 0x00000295785f6e30, 0x00000295785fa230,
0x00000295785facd0, 0x0000029578d86e50, 0x0000029578d8c0f0, 0x000002957d050cc0,
0x0000029578fdda60, 0x0000029541bae0d0, 0x0000029541bb0830, 0x0000029541bafb10,
0x0000029541bb01a0, 0x0000029541bada40, 0x0000029541baedf0, 0x0000029541bae760,
0x0000029541bb2270, 0x0000029541baf480, 0x0000029541bb1550, 0x0000029541bab970
}

Java Threads: ( => current thread )
  0x0000029554bd1920 JavaThread "main"                              [_thread_in_vm, id=66060, stack(0x000000d7dc500000,0x000000d7dc600000) (1024K)]
  0x00000295785f14e0 JavaThread "Reference Handler"          daemon [_thread_blocked, id=35100, stack(0x000000d7dcd00000,0x000000d7dce00000) (1024K)]
  0x00000295785f2200 JavaThread "Finalizer"                  daemon [_thread_blocked, id=38392, stack(0x000000d7dce00000,0x000000d7dcf00000) (1024K)]
  0x00000295785f3dd0 JavaThread "Signal Dispatcher"          daemon [_thread_blocked, id=15824, stack(0x000000d7dcf00000,0x000000d7dd000000) (1024K)]
  0x00000295785f4830 JavaThread "Attach Listener"            daemon [_thread_blocked, id=57376, stack(0x000000d7dd000000,0x000000d7dd100000) (1024K)]
  0x00000295785f62a0 JavaThread "Service Thread"             daemon [_thread_blocked, id=64976, stack(0x000000d7dd100000,0x000000d7dd200000) (1024K)]
  0x00000295785f6e30 JavaThread "Monitor Deflation Thread"   daemon [_thread_blocked, id=13140, stack(0x000000d7dd200000,0x000000d7dd300000) (1024K)]
  0x00000295785fa230 JavaThread "C2 CompilerThread0"         daemon [_thread_in_native, id=76440, stack(0x000000d7dd300000,0x000000d7dd400000) (1024K)]
  0x00000295785facd0 JavaThread "C1 CompilerThread0"         daemon [_thread_in_native, id=28996, stack(0x000000d7dd400000,0x000000d7dd500000) (1024K)]
  0x0000029578d86e50 JavaThread "Notification Thread"        daemon [_thread_blocked, id=1364, stack(0x000000d7dd500000,0x000000d7dd600000) (1024K)]
  0x0000029578d8c0f0 JavaThread "Common-Cleaner"             daemon [_thread_blocked, id=13876, stack(0x000000d7dd600000,0x000000d7dd700000) (1024K)]
=>0x000002957d050cc0 JavaThread "C2 CompilerThread1"         daemon [_thread_in_native, id=72032, stack(0x000000d7dd700000,0x000000d7dd800000) (1024K)]
  0x0000029578fdda60 JavaThread "C2 CompilerThread2"         daemon [_thread_in_native, id=64148, stack(0x000000d7dd800000,0x000000d7dd900000) (1024K)]
  0x0000029541bae0d0 JavaThread "HikariPool-1 housekeeper"   daemon [_thread_blocked, id=42072, stack(0x000000d7de400000,0x000000d7de500000) (1024K)]
  0x0000029541bb0830 JavaThread "HikariPool-1 connection adder" daemon [_thread_blocked, id=51092, stack(0x000000d7de500000,0x000000d7de600000) (1024K)]
  0x0000029541bafb10 JavaThread "Catalina-utility-1"                [_thread_blocked, id=55844, stack(0x000000d7de600000,0x000000d7de700000) (1024K)]
  0x0000029541bb01a0 JavaThread "Catalina-utility-2"                [_thread_blocked, id=9064, stack(0x000000d7de700000,0x000000d7de800000) (1024K)]
  0x0000029541bada40 JavaThread "container-0"                       [_thread_blocked, id=83832, stack(0x000000d7de800000,0x000000d7de900000) (1024K)]
  0x0000029541baedf0 JavaThread "boundedElastic-evictor-1"   daemon [_thread_blocked, id=17668, stack(0x000000d7de900000,0x000000d7dea00000) (1024K)]
  0x0000029541bae760 JavaThread "Jndi-Dns-address-change-listener" daemon [_thread_in_native, id=71864, stack(0x000000d7dea00000,0x000000d7deb00000) (1024K)]
  0x0000029541bb2270 JavaThread "lettuce-eventExecutorLoop-1-1" daemon [_thread_blocked, id=20804, stack(0x000000d7deb00000,0x000000d7dec00000) (1024K)]
  0x0000029541baf480 JavaThread "lettuce-timer-3-1"          daemon [_thread_blocked, id=76196, stack(0x000000d7dec00000,0x000000d7ded00000) (1024K)]
  0x0000029541bb1550 JavaThread "lettuce-eventExecutorLoop-4-1" daemon [_thread_blocked, id=22504, stack(0x000000d7ded00000,0x000000d7dee00000) (1024K)]
  0x0000029541bab970 JavaThread "lettuce-timer-5-1"          daemon [_thread_blocked, id=77584, stack(0x000000d7dee00000,0x000000d7def00000) (1024K)]
Total: 24

Other Threads:
  0x00000295785d66b0 VMThread "VM Thread"                           [id=75672, stack(0x000000d7dcc00000,0x000000d7dcd00000) (1024K)]
  0x00000295785be000 WatcherThread "VM Periodic Task Thread"        [id=35612, stack(0x000000d7dcb00000,0x000000d7dcc00000) (1024K)]
  0x0000029556efa7c0 WorkerThread "GC Thread#0"                     [id=34576, stack(0x000000d7dc600000,0x000000d7dc700000) (1024K)]
  0x000002957db0b560 WorkerThread "GC Thread#1"                     [id=40216, stack(0x000000d7dd900000,0x000000d7dda00000) (1024K)]
  0x000002957db0b900 WorkerThread "GC Thread#2"                     [id=71508, stack(0x000000d7dda00000,0x000000d7ddb00000) (1024K)]
  0x000002957db0bca0 WorkerThread "GC Thread#3"                     [id=82956, stack(0x000000d7ddb00000,0x000000d7ddc00000) (1024K)]
  0x000002957dbcbd80 WorkerThread "GC Thread#4"                     [id=64244, stack(0x000000d7ddc00000,0x000000d7ddd00000) (1024K)]
  0x000002957daa0fc0 WorkerThread "GC Thread#5"                     [id=41520, stack(0x000000d7ddd00000,0x000000d7dde00000) (1024K)]
  0x000002957db63970 WorkerThread "GC Thread#6"                     [id=71772, stack(0x000000d7dde00000,0x000000d7ddf00000) (1024K)]
  0x000002957db63d10 WorkerThread "GC Thread#7"                     [id=67456, stack(0x000000d7ddf00000,0x000000d7de000000) (1024K)]
  0x000002957db640b0 WorkerThread "GC Thread#8"                     [id=6848, stack(0x000000d7de000000,0x000000d7de100000) (1024K)]
  0x000002957d9abff0 WorkerThread "GC Thread#9"                     [id=42240, stack(0x000000d7de200000,0x000000d7de300000) (1024K)]
  0x0000029556f07cf0 ConcurrentGCThread "G1 Main Marker"            [id=10532, stack(0x000000d7dc700000,0x000000d7dc800000) (1024K)]
  0x0000029556f088a0 WorkerThread "G1 Conc#0"                       [id=19028, stack(0x000000d7dc800000,0x000000d7dc900000) (1024K)]
  0x000002957d9abc50 WorkerThread "G1 Conc#1"                       [id=78644, stack(0x000000d7de100000,0x000000d7de200000) (1024K)]
  0x000002957d9ab8b0 WorkerThread "G1 Conc#2"                       [id=18504, stack(0x000000d7de300000,0x000000d7de400000) (1024K)]
  0x000002957848b9e0 ConcurrentGCThread "G1 Refine#0"               [id=82600, stack(0x000000d7dc900000,0x000000d7dca00000) (1024K)]
  0x000002957848e520 ConcurrentGCThread "G1 Service"                [id=45904, stack(0x000000d7dca00000,0x000000d7dcb00000) (1024K)]
Total: 18

Threads with active compile tasks:
C2 CompilerThread0     5127 5238       4       org.springframework.beans.factory.support.AbstractBeanFactory::isTypeMatch (619 bytes)
C1 CompilerThread0     5127 5440       3       org.springframework.beans.factory.support.DefaultListableBeanFactory::findAutowireCandidates (389 bytes)
C2 CompilerThread1     5127 5069       4       org.springframework.core.annotation.AnnotationsScanner::process (55 bytes)
C2 CompilerThread2     5127 5371       4       org.springframework.beans.factory.annotation.AutowiredAnnotationBeanPostProcessor::findAutowiredAnnotation (63 bytes)
Total: 4

VM state: not at safepoint (normal execution)

VM Mutex/Monitor currently owned by a thread: None

Heap address: 0x0000000684800000, size: 6072 MB, Compressed Oops mode: Zero based, Oop shift amount: 3

CDS archive(s) mapped at: [0x0000029500000000-0x0000029500c90000-0x0000029500c90000), size 13172736, SharedBaseAddress: 0x0000029500000000, ArchiveRelocationMode: 1.
Compressed class space mapped at: 0x0000029501000000-0x0000029541000000, reserved size: 1073741824
Narrow klass base: 0x0000029500000000, Narrow klass shift: 0, Narrow klass range: 0x100000000

GC Precious Log:
 CardTable entry size: 512
 Card Set container configuration: InlinePtr #cards 4 size 8 Array Of Cards #cards 32 size 80 Howl #buckets 8 coarsen threshold 7372 Howl Bitmap #cards 1024 size 144 coarsen threshold 921 Card regions per heap region 1 cards per card region 8192
 CPUs: 12 total, 12 available
 Memory: 24279M
 Large Page Support: Disabled
 NUMA Support: Disabled
 Compressed Oops: Enabled (Zero based)
 Heap Region Size: 4M
 Heap Min Capacity: 8M
 Heap Initial Capacity: 380M
 Heap Max Capacity: 6072M
 Pre-touch: Disabled
 Parallel Workers: 10
 Concurrent Workers: 3
 Concurrent Refinement Workers: 10
 Periodic GC: Disabled

Heap:
 garbage-first heap   total 81920K, used 32377K [0x0000000684800000, 0x0000000800000000)
  region size 4096K, 3 young (12288K), 2 survivors (8192K)
 Metaspace       used 63978K, committed 64640K, reserved 1114112K
  class space    used 8414K, committed 8704K, reserved 1048576K

Heap Regions: E=young(eden), S=young(survivor), O=old, HS=humongous(starts), HC=humongous(continues), CS=collection set, F=free, TAMS=top-at-mark-start, PB=parsable bottom
|   0|0x0000000684800000, 0x0000000684c00000, 0x0000000684c00000|100%| O|  |TAMS 0x0000000684800000| PB 0x0000000684800000| Untracked 
|   1|0x0000000684c00000, 0x0000000684fd40d8, 0x0000000685000000| 95%| O|  |TAMS 0x0000000684c00000| PB 0x0000000684c00000| Untracked 
|   2|0x0000000685000000, 0x0000000685400000, 0x0000000685400000|100%| O|  |TAMS 0x0000000685000000| PB 0x0000000685000000| Untracked 
|   3|0x0000000685400000, 0x0000000685800000, 0x0000000685800000|100%| O|  |TAMS 0x0000000685400000| PB 0x0000000685400000| Untracked 
|   4|0x0000000685800000, 0x0000000685c00000, 0x0000000685c00000|100%| O|Cm|TAMS 0x0000000685800000| PB 0x0000000685800000| Complete 
|   5|0x0000000685c00000, 0x0000000686000000, 0x0000000686000000|100%| O|  |TAMS 0x0000000685c00000| PB 0x0000000685c00000| Untracked 
|   6|0x0000000686000000, 0x0000000686291210, 0x0000000686400000| 64%| O|  |TAMS 0x0000000686000000| PB 0x0000000686000000| Untracked 
|   7|0x0000000686400000, 0x0000000686539438, 0x0000000686800000| 30%| S|CS|TAMS 0x0000000686400000| PB 0x0000000686400000| Complete 
|   8|0x0000000686800000, 0x0000000686c00000, 0x0000000686c00000|100%| S|CS|TAMS 0x0000000686800000| PB 0x0000000686800000| Complete 
|   9|0x0000000686c00000, 0x0000000686c00000, 0x0000000687000000|  0%| F|  |TAMS 0x0000000686c00000| PB 0x0000000686c00000| Untracked 
|  10|0x0000000687000000, 0x0000000687000000, 0x0000000687400000|  0%| F|  |TAMS 0x0000000687000000| PB 0x0000000687000000| Untracked 
|  11|0x0000000687400000, 0x0000000687400000, 0x0000000687800000|  0%| F|  |TAMS 0x0000000687400000| PB 0x0000000687400000| Untracked 
|  12|0x0000000687800000, 0x0000000687800000, 0x0000000687c00000|  0%| F|  |TAMS 0x0000000687800000| PB 0x0000000687800000| Untracked 
|  13|0x0000000687c00000, 0x0000000687c00000, 0x0000000688000000|  0%| F|  |TAMS 0x0000000687c00000| PB 0x0000000687c00000| Untracked 
|  14|0x0000000688000000, 0x0000000688000000, 0x0000000688400000|  0%| F|  |TAMS 0x0000000688000000| PB 0x0000000688000000| Untracked 
|  15|0x0000000688400000, 0x0000000688400000, 0x0000000688800000|  0%| F|  |TAMS 0x0000000688400000| PB 0x0000000688400000| Untracked 
|  16|0x0000000688800000, 0x0000000688800000, 0x0000000688c00000|  0%| F|  |TAMS 0x0000000688800000| PB 0x0000000688800000| Untracked 
|  84|0x0000000699800000, 0x0000000699800000, 0x0000000699c00000|  0%| F|  |TAMS 0x0000000699800000| PB 0x0000000699800000| Untracked 
|  85|0x0000000699c00000, 0x0000000699c00000, 0x000000069a000000|  0%| F|  |TAMS 0x0000000699c00000| PB 0x0000000699c00000| Untracked 
|  94|0x000000069c000000, 0x000000069c1b7978, 0x000000069c400000| 42%| E|  |TAMS 0x000000069c000000| PB 0x000000069c000000| Complete 

Card table byte_map: [0x000002956f400000,0x000002956ffe0000] _byte_map_base: 0x000002956bfdc000

Marking Bits: (CMBitMap*) 0x0000029556efadc0
 Bits: [0x000002956ffe0000, 0x0000029575ec0000)

Polling page: 0x0000029556620000

Metaspace:

Usage:
  Non-class:     54.26 MB used.
      Class:      8.22 MB used.
       Both:     62.48 MB used.

Virtual space:
  Non-class space:       64.00 MB reserved,      54.62 MB ( 85%) committed,  1 nodes.
      Class space:        1.00 GB reserved,       8.50 MB ( <1%) committed,  1 nodes.
             Both:        1.06 GB reserved,      63.12 MB (  6%) committed. 

Chunk freelists:
   Non-Class:  8.61 MB
       Class:  7.54 MB
        Both:  16.15 MB

MaxMetaspaceSize: unlimited
CompressedClassSpaceSize: 1.00 GB
Initial GC threshold: 21.00 MB
Current GC threshold: 97.94 MB
CDS: on
 - commit_granule_bytes: 65536.
 - commit_granule_words: 8192.
 - virtual_space_node_default_size: 8388608.
 - enlarge_chunks_in_place: 1.
 - use_allocation_guard: 0.


Internal statistics:

num_allocs_failed_limit: 9.
num_arena_births: 852.
num_arena_deaths: 0.
num_vsnodes_births: 2.
num_vsnodes_deaths: 0.
num_space_committed: 1010.
num_space_uncommitted: 0.
num_chunks_returned_to_freelist: 9.
num_chunks_taken_from_freelist: 3180.
num_chunk_merges: 9.
num_chunk_splits: 2314.
num_chunks_enlarged: 1818.
num_inconsistent_stats: 0.

CodeHeap 'non-profiled nmethods': size=120000Kb used=3702Kb max_used=3702Kb free=116297Kb
 bounds [0x0000029566da0000, 0x0000029567170000, 0x000002956e2d0000]
CodeHeap 'profiled nmethods': size=120000Kb used=9554Kb max_used=9583Kb free=110445Kb
 bounds [0x000002955f2d0000, 0x000002955fc40000, 0x0000029566800000]
CodeHeap 'non-nmethods': size=5760Kb used=1600Kb max_used=1658Kb free=4159Kb
 bounds [0x0000029566800000, 0x0000029566a70000, 0x0000029566da0000]
 total_blobs=5298 nmethods=4643 adapters=558
 compilation: enabled
              stopped_count=0, restarted_count=0
 full_count=0

Compilation events (20 events):
Event: 4.972 Thread 0x00000295785facd0 5416       3       java.util.HashSet::<init> (17 bytes)
Event: 4.973 Thread 0x00000295785facd0 nmethod 5416 0x000002955f3e5690 code [0x000002955f3e5880, 0x000002955f3e5c20]
Event: 4.977 Thread 0x00000295785facd0 5417       3       org.springframework.util.ClassUtils::getAllInterfacesForClassAsSet (106 bytes)
Event: 4.979 Thread 0x00000295785facd0 nmethod 5417 0x000002955f3e3310 code [0x000002955f3e36a0, 0x000002955f3e4d40]
Event: 4.979 Thread 0x00000295785facd0 5419       1       sun.reflect.generics.tree.TypeVariableSignature::getIdentifier (5 bytes)
Event: 4.979 Thread 0x00000295785facd0 nmethod 5419 0x0000029566e16110 code [0x0000029566e162a0, 0x0000029566e16370]
Event: 4.979 Thread 0x00000295785facd0 5420       1       sun.reflect.generics.factory.CoreReflectionFactory::getScope (5 bytes)
Event: 4.979 Thread 0x00000295785facd0 nmethod 5420 0x0000029566ecd210 code [0x0000029566ecd3a0, 0x0000029566ecd470]
Event: 4.981 Thread 0x00000295785facd0 5421       3       org.springframework.core.convert.TypeDescriptor::hashCode (8 bytes)
Event: 4.982 Thread 0x00000295785facd0 nmethod 5421 0x000002955f3e2e10 code [0x000002955f3e2fc0, 0x000002955f3e3228]
Event: 5.022 Thread 0x00000295785facd0 5422       3       java.util.concurrent.ConcurrentHashMap$TreeNode::<init> (16 bytes)
Event: 5.022 Thread 0x00000295785facd0 nmethod 5422 0x000002955f3e2710 code [0x000002955f3e28c0, 0x000002955f3e2c88]
Event: 5.022 Thread 0x00000295785facd0 5423       3       java.util.concurrent.ConcurrentHashMap::compareComparables (27 bytes)
Event: 5.022 Thread 0x00000295785facd0 nmethod 5423 0x000002955f3e2090 code [0x000002955f3e2240, 0x000002955f3e25c8]
Event: 5.022 Thread 0x00000295785facd0 5424       3       org.springframework.core.MethodClassKey::compareTo (9 bytes)
Event: 5.023 Thread 0x00000295785facd0 nmethod 5424 0x000002955f3e1c10 code [0x000002955f3e1dc0, 0x000002955f3e1ff0]
Event: 5.023 Thread 0x00000295785facd0 5425       3       org.springframework.core.MethodClassKey::compareTo (78 bytes)
Event: 5.023 Thread 0x00000295785facd0 nmethod 5425 0x000002955f8a6e10 code [0x000002955f8a7040, 0x000002955f8a75b8]
Event: 5.027 Thread 0x00000295785facd0 5426       3       java.lang.String::repeat (151 bytes)
Event: 5.029 Thread 0x00000295785facd0 nmethod 5426 0x000002955f8a5890 code [0x000002955f8a5b60, 0x000002955f8a6988]

GC Heap History (20 events):
Event: 0.348 GC heap before
{Heap before GC invocations=0 (full 0):
 garbage-first heap   total 389120K, used 20480K [0x0000000684800000, 0x0000000800000000)
  region size 4096K, 5 young (20480K), 0 survivors (0K)
 Metaspace       used 4219K, committed 4416K, reserved 1114112K
  class space    used 465K, committed 576K, reserved 1048576K
}
Event: 0.352 GC heap after
{Heap after GC invocations=1 (full 0):
 garbage-first heap   total 389120K, used 7812K [0x0000000684800000, 0x0000000800000000)
  region size 4096K, 1 young (4096K), 1 survivors (4096K)
 Metaspace       used 4219K, committed 4416K, reserved 1114112K
  class space    used 465K, committed 576K, reserved 1048576K
}
Event: 0.537 GC heap before
{Heap before GC invocations=1 (full 0):
 garbage-first heap   total 389120K, used 20100K [0x0000000684800000, 0x0000000800000000)
  region size 4096K, 4 young (16384K), 1 survivors (4096K)
 Metaspace       used 7437K, committed 7744K, reserved 1114112K
  class space    used 879K, committed 1024K, reserved 1048576K
}
Event: 0.539 GC heap after
{Heap after GC invocations=2 (full 0):
 garbage-first heap   total 389120K, used 9300K [0x0000000684800000, 0x0000000800000000)
  region size 4096K, 1 young (4096K), 1 survivors (4096K)
 Metaspace       used 7437K, committed 7744K, reserved 1114112K
  class space    used 879K, committed 1024K, reserved 1048576K
}
Event: 0.900 GC heap before
{Heap before GC invocations=2 (full 0):
 garbage-first heap   total 389120K, used 50260K [0x0000000684800000, 0x0000000800000000)
  region size 4096K, 11 young (45056K), 1 survivors (4096K)
 Metaspace       used 16909K, committed 17216K, reserved 1114112K
  class space    used 2025K, committed 2176K, reserved 1048576K
}
Event: 0.903 GC heap after
{Heap after GC invocations=3 (full 0):
 garbage-first heap   total 389120K, used 13301K [0x0000000684800000, 0x0000000800000000)
  region size 4096K, 2 young (8192K), 2 survivors (8192K)
 Metaspace       used 16909K, committed 17216K, reserved 1114112K
  class space    used 2025K, committed 2176K, reserved 1048576K
}
Event: 1.357 GC heap before
{Heap before GC invocations=3 (full 0):
 garbage-first heap   total 389120K, used 46069K [0x0000000684800000, 0x0000000800000000)
  region size 4096K, 11 young (45056K), 2 survivors (8192K)
 Metaspace       used 21197K, committed 21504K, reserved 1114112K
  class space    used 2483K, committed 2624K, reserved 1048576K
}
Event: 1.360 GC heap after
{Heap after GC invocations=4 (full 0):
 garbage-first heap   total 389120K, used 16123K [0x0000000684800000, 0x0000000800000000)
  region size 4096K, 2 young (8192K), 2 survivors (8192K)
 Metaspace       used 21197K, committed 21504K, reserved 1114112K
  class space    used 2483K, committed 2624K, reserved 1048576K
}
Event: 2.285 GC heap before
{Heap before GC invocations=5 (full 0):
 garbage-first heap   total 69632K, used 69371K [0x0000000684800000, 0x0000000800000000)
  region size 4096K, 15 young (61440K), 2 survivors (8192K)
 Metaspace       used 31744K, committed 32192K, reserved 1114112K
  class space    used 3909K, committed 4096K, reserved 1048576K
}
Event: 2.291 GC heap after
{Heap after GC invocations=6 (full 0):
 garbage-first heap   total 81920K, used 19760K [0x0000000684800000, 0x0000000800000000)
  region size 4096K, 3 young (12288K), 3 survivors (12288K)
 Metaspace       used 31744K, committed 32192K, reserved 1114112K
  class space    used 3909K, committed 4096K, reserved 1048576K
}
Event: 2.576 GC heap before
{Heap before GC invocations=6 (full 0):
 garbage-first heap   total 81920K, used 36144K [0x0000000684800000, 0x0000000800000000)
  region size 4096K, 8 young (32768K), 3 survivors (12288K)
 Metaspace       used 35517K, committed 35968K, reserved 1114112K
  class space    used 4380K, committed 4544K, reserved 1048576K
}
Event: 2.584 GC heap after
{Heap after GC invocations=7 (full 0):
 garbage-first heap   total 81920K, used 20611K [0x0000000684800000, 0x0000000800000000)
  region size 4096K, 2 young (8192K), 2 survivors (8192K)
 Metaspace       used 35517K, committed 35968K, reserved 1114112K
  class space    used 4380K, committed 4544K, reserved 1048576K
}
Event: 3.223 GC heap before
{Heap before GC invocations=8 (full 0):
 garbage-first heap   total 81920K, used 61571K [0x0000000684800000, 0x0000000800000000)
  region size 4096K, 12 young (49152K), 2 survivors (8192K)
 Metaspace       used 46905K, committed 47424K, reserved 1114112K
  class space    used 6135K, committed 6400K, reserved 1048576K
}
Event: 3.230 GC heap after
{Heap after GC invocations=9 (full 0):
 garbage-first heap   total 81920K, used 23258K [0x0000000684800000, 0x0000000800000000)
  region size 4096K, 1 young (4096K), 1 survivors (4096K)
 Metaspace       used 46905K, committed 47424K, reserved 1114112K
  class space    used 6135K, committed 6400K, reserved 1048576K
}
Event: 4.017 GC heap before
{Heap before GC invocations=9 (full 0):
 garbage-first heap   total 81920K, used 68314K [0x0000000684800000, 0x0000000800000000)
  region size 4096K, 12 young (49152K), 1 survivors (4096K)
 Metaspace       used 58313K, committed 58944K, reserved 1114112K
  class space    used 7608K, committed 7936K, reserved 1048576K
}
Event: 4.020 GC heap after
{Heap after GC invocations=10 (full 0):
 garbage-first heap   total 81920K, used 27199K [0x0000000684800000, 0x0000000800000000)
  region size 4096K, 2 young (8192K), 2 survivors (8192K)
 Metaspace       used 58313K, committed 58944K, reserved 1114112K
  class space    used 7608K, committed 7936K, reserved 1048576K
}
Event: 4.120 GC heap before
{Heap before GC invocations=10 (full 0):
 garbage-first heap   total 81920K, used 31295K [0x0000000684800000, 0x0000000800000000)
  region size 4096K, 4 young (16384K), 2 survivors (8192K)
 Metaspace       used 59548K, committed 60096K, reserved 1114112K
  class space    used 7789K, committed 8064K, reserved 1048576K
}
Event: 4.124 GC heap after
{Heap after GC invocations=11 (full 0):
 garbage-first heap   total 81920K, used 27832K [0x0000000684800000, 0x0000000800000000)
  region size 4096K, 2 young (8192K), 2 survivors (8192K)
 Metaspace       used 59548K, committed 60096K, reserved 1114112K
  class space    used 7789K, committed 8064K, reserved 1048576K
}
Event: 5.095 GC heap before
{Heap before GC invocations=12 (full 0):
 garbage-first heap   total 81920K, used 64696K [0x0000000684800000, 0x0000000800000000)
  region size 4096K, 11 young (45056K), 2 survivors (8192K)
 Metaspace       used 63907K, committed 64576K, reserved 1114112K
  class space    used 8403K, committed 8704K, reserved 1048576K
}
Event: 5.100 GC heap after
{Heap after GC invocations=13 (full 0):
 garbage-first heap   total 81920K, used 32377K [0x0000000684800000, 0x0000000800000000)
  region size 4096K, 2 young (8192K), 2 survivors (8192K)
 Metaspace       used 63907K, committed 64576K, reserved 1114112K
  class space    used 8403K, committed 8704K, reserved 1048576K
}

Dll operation events (11 events):
Event: 0.007 Loaded shared library C:\Program Files\Java\jdk-21\bin\java.dll
Event: 0.037 Loaded shared library C:\Program Files\Java\jdk-21\bin\jsvml.dll
Event: 0.087 Loaded shared library C:\Program Files\Java\jdk-21\bin\net.dll
Event: 0.088 Loaded shared library C:\Program Files\Java\jdk-21\bin\nio.dll
Event: 0.093 Loaded shared library C:\Program Files\Java\jdk-21\bin\zip.dll
Event: 0.179 Loaded shared library C:\Program Files\Java\jdk-21\bin\jimage.dll
Event: 0.776 Loaded shared library C:\Program Files\Java\jdk-21\bin\sunmscapi.dll
Event: 2.681 Loaded shared library C:\Program Files\Java\jdk-21\bin\verify.dll
Event: 3.457 Loaded shared library C:\Program Files\Java\jdk-21\bin\management.dll
Event: 3.460 Loaded shared library C:\Program Files\Java\jdk-21\bin\management_ext.dll
Event: 3.890 Loaded shared library C:\Program Files\Java\jdk-21\bin\extnet.dll

Deoptimization events (20 events):
Event: 4.911 Thread 0x0000029554bd1920 Uncommon trap: trap_request=0xfffffff4 fr.pc=0x0000029566f1dfb8 relative=0x0000000000000278
Event: 4.911 Thread 0x0000029554bd1920 Uncommon trap: reason=null_check action=make_not_entrant pc=0x0000029566f1dfb8 method=org.springframework.util.ClassUtils.isAssignable(Ljava/lang/Class;Ljava/lang/Class;)Z @ 14 c2
Event: 4.911 Thread 0x0000029554bd1920 DEOPT PACKING pc=0x0000029566f1dfb8 sp=0x000000d7dc5fe620
Event: 4.911 Thread 0x0000029554bd1920 DEOPT UNPACKING pc=0x00000295668546a2 sp=0x000000d7dc5fe5b0 mode 2
Event: 4.932 Thread 0x0000029554bd1920 Uncommon trap: trap_request=0xffffff45 fr.pc=0x0000029566f31050 relative=0x0000000000000430
Event: 4.932 Thread 0x0000029554bd1920 Uncommon trap: reason=unstable_if action=reinterpret pc=0x0000029566f31050 method=sun.reflect.annotation.AnnotationInvocationHandler.invoke(Ljava/lang/Object;Ljava/lang/reflect/Method;[Ljava/lang/Object;)Ljava/lang/Object; @ 15 c2
Event: 4.933 Thread 0x0000029554bd1920 DEOPT PACKING pc=0x0000029566f31050 sp=0x000000d7dc5fe0d0
Event: 4.933 Thread 0x0000029554bd1920 DEOPT UNPACKING pc=0x00000295668546a2 sp=0x000000d7dc5fe078 mode 2
Event: 4.933 Thread 0x0000029554bd1920 Uncommon trap: trap_request=0xffffff45 fr.pc=0x0000029567015884 relative=0x00000000000001e4
Event: 4.933 Thread 0x0000029554bd1920 Uncommon trap: reason=unstable_if action=reinterpret pc=0x0000029567015884 method=java.util.ArrayDeque.addLast(Ljava/lang/Object;)V @ 42 c2
Event: 4.933 Thread 0x0000029554bd1920 DEOPT PACKING pc=0x0000029567015884 sp=0x000000d7dc5fe710
Event: 4.933 Thread 0x0000029554bd1920 DEOPT UNPACKING pc=0x00000295668546a2 sp=0x000000d7dc5fe6d0 mode 2
Event: 4.952 Thread 0x0000029554bd1920 Uncommon trap: trap_request=0xffffffc6 fr.pc=0x0000029566e1111c relative=0x000000000000033c
Event: 4.952 Thread 0x0000029554bd1920 Uncommon trap: reason=bimorphic_or_optimized_type_check action=maybe_recompile pc=0x0000029566e1111c method=java.util.Collections$SetFromMap.contains(Ljava/lang/Object;)Z @ 5 c2
Event: 4.952 Thread 0x0000029554bd1920 DEOPT PACKING pc=0x0000029566e1111c sp=0x000000d7dc5fe3c0
Event: 4.952 Thread 0x0000029554bd1920 DEOPT UNPACKING pc=0x00000295668546a2 sp=0x000000d7dc5fe368 mode 2
Event: 4.955 Thread 0x0000029554bd1920 Uncommon trap: trap_request=0xffffffc6 fr.pc=0x0000029566e1111c relative=0x000000000000033c
Event: 4.955 Thread 0x0000029554bd1920 Uncommon trap: reason=bimorphic_or_optimized_type_check action=maybe_recompile pc=0x0000029566e1111c method=java.util.Collections$SetFromMap.contains(Ljava/lang/Object;)Z @ 5 c2
Event: 4.955 Thread 0x0000029554bd1920 DEOPT PACKING pc=0x0000029566e1111c sp=0x000000d7dc5fe3c0
Event: 4.955 Thread 0x0000029554bd1920 DEOPT UNPACKING pc=0x00000295668546a2 sp=0x000000d7dc5fe368 mode 2

Classes loaded (20 events):
Event: 4.320 Loading class sun/reflect/generics/reflectiveObjects/GenericArrayTypeImpl
Event: 4.321 Loading class sun/reflect/generics/reflectiveObjects/GenericArrayTypeImpl done
Event: 4.350 Loading class java/util/EnumMap$EntrySet
Event: 4.350 Loading class java/util/EnumMap$EntrySet done
Event: 4.350 Loading class java/util/EnumMap$EntryIterator
Event: 4.350 Loading class java/util/EnumMap$EnumMapIterator
Event: 4.351 Loading class java/util/EnumMap$EnumMapIterator done
Event: 4.351 Loading class java/util/EnumMap$EntryIterator done
Event: 4.352 Loading class java/lang/SafeVarargs
Event: 4.354 Loading class java/lang/SafeVarargs done
Event: 4.848 Loading class java/util/WeakHashMap$EntrySet
Event: 4.848 Loading class java/util/WeakHashMap$EntrySet done
Event: 4.848 Loading class java/util/WeakHashMap$EntryIterator
Event: 4.848 Loading class java/util/WeakHashMap$HashIterator
Event: 4.848 Loading class java/util/WeakHashMap$HashIterator done
Event: 4.848 Loading class java/util/WeakHashMap$EntryIterator done
Event: 4.933 Loading class sun/reflect/annotation/AnnotationInvocationHandler$1
Event: 4.933 Loading class sun/reflect/annotation/AnnotationInvocationHandler$1 done
Event: 4.961 Loading class java/util/concurrent/CompletionException
Event: 4.962 Loading class java/util/concurrent/CompletionException done

Classes unloaded (0 events):
No events

Classes redefined (0 events):
No events

Internal exceptions (20 events):
Event: 3.527 Thread 0x0000029554bd1920 Exception <a 'java/lang/NoSuchMethodError'{0x0000000688403a38}: 'long java.lang.invoke.DirectMethodHandle$Holder.invokeVirtual(java.lang.Object, java.lang.Object)'> (0x0000000688403a38) 
thrown [s\open\src\hotspot\share\interpreter\linkResolver.cpp, line 773]
Event: 3.561 Thread 0x0000029554bd1920 Exception <a 'java/lang/IncompatibleClassChangeError'{0x00000006886a9c10}: Found class java.lang.Object, but interface was expected> (0x00000006886a9c10) 
thrown [s\open\src\hotspot\share\interpreter\linkResolver.cpp, line 840]
Event: 3.591 Thread 0x0000029554bd1920 Exception <a 'java/lang/NoSuchMethodError'{0x0000000688162ce0}: 'java.lang.Object java.lang.invoke.DirectMethodHandle$Holder.invokeStaticInit(java.lang.Object, java.lang.Object, int)'> (0x0000000688162ce0) 
thrown [s\open\src\hotspot\share\interpreter\linkResolver.cpp, line 773]
Event: 3.627 Thread 0x0000029554bd1920 Exception <a 'java/lang/NoSuchMethodError'{0x000000068834ad50}: 'void java.lang.invoke.DirectMethodHandle$Holder.invokeStaticInit(java.lang.Object, java.lang.Object, java.lang.Object, java.lang.Object)'> (0x000000068834ad50) 
thrown [s\open\src\hotspot\share\interpreter\linkResolver.cpp, line 773]
Event: 3.706 Thread 0x0000029554bd1920 Exception <a 'java/lang/NoSuchMethodError'{0x0000000687fae430}: 'java.lang.Object java.lang.invoke.DirectMethodHandle$Holder.invokeStaticInit(java.lang.Object, java.lang.Object, java.lang.Object, java.lang.Object, java.lang.Object)'> (0x0000000687fae430) 
thrown [s\open\src\hotspot\share\interpreter\linkResolver.cpp, line 773]
Event: 3.776 Thread 0x0000029554bd1920 Exception <a 'java/lang/NoSuchMethodError'{0x0000000687bc0a80}: 'java.lang.Object java.lang.invoke.DirectMethodHandle$Holder.invokeStaticInit(java.lang.Object, long)'> (0x0000000687bc0a80) 
thrown [s\open\src\hotspot\share\interpreter\linkResolver.cpp, line 773]
Event: 3.828 Thread 0x0000029554bd1920 Exception <a 'java/io/FileNotFoundException'{0x0000000687607f50}> (0x0000000687607f50) 
thrown [s\open\src\hotspot\share\prims\jni.cpp, line 520]
Event: 3.870 Thread 0x0000029554bd1920 Exception <a 'java/lang/NoSuchMethodError'{0x00000006876b7890}: 'void java.lang.invoke.DirectMethodHandle$Holder.invokeStaticInit(java.lang.Object)'> (0x00000006876b7890) 
thrown [s\open\src\hotspot\share\interpreter\linkResolver.cpp, line 773]
Event: 3.897 Thread 0x0000029554bd1920 Exception <a 'java/lang/UnsatisfiedLinkError'{0x0000000687749eb8}: 'int io.netty.channel.epoll.Native.offsetofEpollData()'> (0x0000000687749eb8) 
thrown [s\open\src\hotspot\share\prims\nativeLookup.cpp, line 415]
Event: 3.897 Thread 0x0000029554bd1920 Exception <a 'java/lang/ExceptionInInitializerError'{0x000000068774c418}> (0x000000068774c418) 
thrown [s\open\src\hotspot\share\oops\instanceKlass.cpp, line 1185]
Event: 4.010 Thread 0x0000029554bd1920 Exception <a 'java/lang/NoSuchMethodError'{0x0000000686fa64f8}: 'java.lang.Object java.lang.invoke.DirectMethodHandle$Holder.newInvokeSpecial(java.lang.Object, java.lang.Object, java.lang.Object, java.lang.Object, java.lang.Object, java.lang.Object, java.lang.Object, java.lang.Object)'> (0x0000000686fa64f8) 
thrown [s\open\src\hotspot\share\interpreter\linkResolver.cpp, line 773]
Event: 4.049 Thread 0x0000029554bd1920 Exception <a 'sun/nio/fs/WindowsException'{0x000000069c1b83c0}> (0x000000069c1b83c0) 
thrown [s\open\src\hotspot\share\prims\jni.cpp, line 520]
Event: 4.390 Thread 0x0000029554bd1920 Exception <a 'java/lang/IncompatibleClassChangeError'{0x00000006885646d8}: Found class java.lang.Object, but interface was expected> (0x00000006885646d8) 
thrown [s\open\src\hotspot\share\interpreter\linkResolver.cpp, line 840]
Event: 4.592 Thread 0x0000029554bd1920 Exception <a 'java/lang/NoSuchMethodError'{0x000000068830af50}: 'void java.lang.invoke.DirectMethodHandle$Holder.invokeVirtual(java.lang.Object, java.lang.Object, long)'> (0x000000068830af50) 
thrown [s\open\src\hotspot\share\interpreter\linkResolver.cpp, line 773]
Event: 4.645 Thread 0x0000029554bd1920 Exception <a 'java/lang/NoSuchMethodError'{0x0000000687e1dec0}: 'int java.lang.invoke.DirectMethodHandle$Holder.invokeStaticInit(java.lang.Object, java.lang.Object, java.lang.Object, java.lang.Object)'> (0x0000000687e1dec0) 
thrown [s\open\src\hotspot\share\interpreter\linkResolver.cpp, line 773]
Event: 4.650 Thread 0x0000029554bd1920 Implicit null exception at 0x0000029566fb2563 to 0x0000029566fb2afe
Event: 4.834 Thread 0x0000029554bd1920 Exception <a 'java/lang/IncompatibleClassChangeError'{0x00000006875eb438}: Found class java.lang.Object, but interface was expected> (0x00000006875eb438) 
thrown [s\open\src\hotspot\share\interpreter\linkResolver.cpp, line 840]
Event: 4.850 Thread 0x0000029554bd1920 Exception <a 'java/lang/IncompatibleClassChangeError'{0x00000006876965a0}: Found class java.lang.Object, but interface was expected> (0x00000006876965a0) 
thrown [s\open\src\hotspot\share\interpreter\linkResolver.cpp, line 840]
Event: 4.867 Thread 0x0000029554bd1920 Exception <a 'java/lang/IncompatibleClassChangeError'{0x0000000687767270}: Found class java.lang.Object, but interface was expected> (0x0000000687767270) 
thrown [s\open\src\hotspot\share\interpreter\linkResolver.cpp, line 840]
Event: 4.911 Thread 0x0000029554bd1920 Implicit null exception at 0x0000029566f1dd68 to 0x0000029566f1dfa4

ZGC Phase Switch (0 events):
No events

VM Operations (20 events):
Event: 4.055 Executing VM operation: HandshakeAllThreads (Deoptimize)
Event: 4.055 Executing VM operation: HandshakeAllThreads (Deoptimize) done
Event: 4.120 Executing VM operation: CollectForMetadataAllocation (Metadata GC Threshold)
Event: 4.124 Executing VM operation: CollectForMetadataAllocation (Metadata GC Threshold) done
Event: 4.135 Executing VM operation: G1PauseRemark
Event: 4.138 Executing VM operation: G1PauseRemark done
Event: 4.142 Executing VM operation: G1PauseCleanup
Event: 4.142 Executing VM operation: G1PauseCleanup done
Event: 4.236 Executing VM operation: HandshakeAllThreads (Deoptimize)
Event: 4.236 Executing VM operation: HandshakeAllThreads (Deoptimize) done
Event: 4.237 Executing VM operation: HandshakeAllThreads (Deoptimize)
Event: 4.237 Executing VM operation: HandshakeAllThreads (Deoptimize) done
Event: 4.609 Executing VM operation: HandshakeAllThreads (Deoptimize)
Event: 4.609 Executing VM operation: HandshakeAllThreads (Deoptimize) done
Event: 4.679 Executing VM operation: HandshakeAllThreads (Deoptimize)
Event: 4.679 Executing VM operation: HandshakeAllThreads (Deoptimize) done
Event: 4.985 Executing VM operation: ICBufferFull
Event: 4.985 Executing VM operation: ICBufferFull done
Event: 5.095 Executing VM operation: G1CollectForAllocation (G1 Evacuation Pause)
Event: 5.100 Executing VM operation: G1CollectForAllocation (G1 Evacuation Pause) done

Events (20 events):
Event: 4.137 Thread 0x00000295785d66b0 flushing nmethod 0x000002955f6ca010
Event: 4.137 Thread 0x00000295785d66b0 flushing nmethod 0x000002955f6d0490
Event: 4.137 Thread 0x00000295785d66b0 flushing nmethod 0x000002955f71fa90
Event: 4.137 Thread 0x00000295785d66b0 flushing nmethod 0x000002955f720e10
Event: 4.137 Thread 0x00000295785d66b0 flushing nmethod 0x000002955f756890
Event: 4.137 Thread 0x00000295785d66b0 flushing nmethod 0x000002955f7c6090
Event: 4.137 Thread 0x00000295785d66b0 flushing nmethod 0x000002955f7c6a10
Event: 4.137 Thread 0x00000295785d66b0 flushing nmethod 0x000002955f893310
Event: 4.137 Thread 0x00000295785d66b0 flushing nmethod 0x000002955f89cd10
Event: 4.137 Thread 0x00000295785d66b0 flushing nmethod 0x000002955f8e5b90
Event: 4.137 Thread 0x00000295785d66b0 flushing nmethod 0x000002955f952010
Event: 4.137 Thread 0x00000295785d66b0 flushing nmethod 0x000002955fab7990
Event: 4.137 Thread 0x00000295785d66b0 flushing nmethod 0x000002955fab7e10
Event: 4.137 Thread 0x00000295785d66b0 flushing nmethod 0x000002955fabe990
Event: 4.137 Thread 0x00000295785d66b0 flushing nmethod 0x000002955fac1090
Event: 4.137 Thread 0x00000295785d66b0 flushing nmethod 0x000002955faf1710
Event: 4.137 Thread 0x00000295785d66b0 flushing nmethod 0x000002955fb05910
Event: 4.137 Thread 0x00000295785d66b0 flushing nmethod 0x000002955fb24610
Event: 4.794 Thread 0x0000029541bb1550 Thread added: 0x0000029541bb1550
Event: 4.795 Thread 0x0000029541bab970 Thread added: 0x0000029541bab970


Dynamic libraries:
0x00007ff6b2db0000 - 0x00007ff6b2dc0000 	C:\Program Files\Java\jdk-21\bin\java.exe
0x00007ffcdc370000 - 0x00007ffcdc587000 	C:\Windows\SYSTEM32\ntdll.dll
0x00007ffcdb680000 - 0x00007ffcdb744000 	C:\Windows\System32\KERNEL32.DLL
0x00007ffcd9630000 - 0x00007ffcd99ea000 	C:\Windows\System32\KERNELBASE.dll
0x00007ffcd9c30000 - 0x00007ffcd9d41000 	C:\Windows\System32\ucrtbase.dll
0x00007ffcd1ca0000 - 0x00007ffcd1cb9000 	C:\Program Files\Java\jdk-21\bin\jli.dll
0x00007ffcd3ae0000 - 0x00007ffcd3afb000 	C:\Program Files\Java\jdk-21\bin\VCRUNTIME140.dll
0x00007ffcdbd50000 - 0x00007ffcdbe02000 	C:\Windows\System32\ADVAPI32.dll
0x00007ffcda060000 - 0x00007ffcda107000 	C:\Windows\System32\msvcrt.dll
0x00007ffcdb820000 - 0x00007ffcdb8c7000 	C:\Windows\System32\sechost.dll
0x00007ffcd9fb0000 - 0x00007ffcd9fd8000 	C:\Windows\System32\bcrypt.dll
0x00007ffcdb440000 - 0x00007ffcdb554000 	C:\Windows\System32\RPCRT4.dll
0x00007ffcdc170000 - 0x00007ffcdc31e000 	C:\Windows\System32\USER32.dll
0x00007ffcd9a90000 - 0x00007ffcd9ab6000 	C:\Windows\System32\win32u.dll
0x00007ffcda110000 - 0x00007ffcda139000 	C:\Windows\System32\GDI32.dll
0x00007ffcd9e90000 - 0x00007ffcd9fab000 	C:\Windows\System32\gdi32full.dll
0x00007ffcd99f0000 - 0x00007ffcd9a8a000 	C:\Windows\System32\msvcp_win.dll
0x00007ffcc2e90000 - 0x00007ffcc3122000 	C:\Windows\WinSxS\amd64_microsoft.windows.common-controls_6595b64144ccf1df_6.0.22621.4541_none_2710d1c57384c085\COMCTL32.dll
0x00007ffccee60000 - 0x00007ffccee6a000 	C:\Windows\SYSTEM32\VERSION.dll
0x00007ffcdb7e0000 - 0x00007ffcdb811000 	C:\Windows\System32\IMM32.DLL
0x00007ffcd3ab0000 - 0x00007ffcd3abc000 	C:\Program Files\Java\jdk-21\bin\vcruntime140_1.dll
0x00007ffcbcb30000 - 0x00007ffcbcbbe000 	C:\Program Files\Java\jdk-21\bin\msvcp140.dll
0x00007ffc8a2a0000 - 0x00007ffc8afb3000 	C:\Program Files\Java\jdk-21\bin\server\jvm.dll
0x00007ffcdc0f0000 - 0x00007ffcdc161000 	C:\Windows\System32\WS2_32.dll
0x00007ffcd84c0000 - 0x00007ffcd850d000 	C:\Windows\SYSTEM32\POWRPROF.dll
0x00007ffcd1000000 - 0x00007ffcd1034000 	C:\Windows\SYSTEM32\WINMM.dll
0x00007ffcd84a0000 - 0x00007ffcd84b3000 	C:\Windows\SYSTEM32\UMPDC.dll
0x00007ffcd8760000 - 0x00007ffcd8778000 	C:\Windows\SYSTEM32\kernel.appcore.dll
0x00007ffcd1af0000 - 0x00007ffcd1afa000 	C:\Program Files\Java\jdk-21\bin\jimage.dll
0x00007ffcd7120000 - 0x00007ffcd7352000 	C:\Windows\SYSTEM32\DBGHELP.DLL
0x00007ffcda4f0000 - 0x00007ffcda881000 	C:\Windows\System32\combase.dll
0x00007ffcdb580000 - 0x00007ffcdb657000 	C:\Windows\System32\OLEAUT32.dll
0x00007ffcce650000 - 0x00007ffcce682000 	C:\Windows\SYSTEM32\dbgcore.DLL
0x00007ffcd9e10000 - 0x00007ffcd9e8b000 	C:\Windows\System32\bcryptPrimitives.dll
0x00007ffcd1960000 - 0x00007ffcd197f000 	C:\Program Files\Java\jdk-21\bin\java.dll
0x00007ffcda900000 - 0x00007ffcdb179000 	C:\Windows\System32\SHELL32.dll
0x00007ffcd7580000 - 0x00007ffcd7e89000 	C:\Windows\SYSTEM32\windows.storage.dll
0x00007ffcd7440000 - 0x00007ffcd757f000 	C:\Windows\SYSTEM32\wintypes.dll
0x00007ffcda340000 - 0x00007ffcda43a000 	C:\Windows\System32\SHCORE.dll
0x00007ffcdbe10000 - 0x00007ffcdbe6e000 	C:\Windows\System32\shlwapi.dll
0x00007ffcd9560000 - 0x00007ffcd958b000 	C:\Windows\SYSTEM32\profapi.dll
0x00007ffcb03f0000 - 0x00007ffcb04c7000 	C:\Program Files\Java\jdk-21\bin\jsvml.dll
0x00007ffcd1ae0000 - 0x00007ffcd1af0000 	C:\Program Files\Java\jdk-21\bin\net.dll
0x00007ffcd2510000 - 0x00007ffcd2646000 	C:\Windows\SYSTEM32\WINHTTP.dll
0x00007ffcd8be0000 - 0x00007ffcd8c49000 	C:\Windows\system32\mswsock.dll
0x00007ffcd1880000 - 0x00007ffcd1896000 	C:\Program Files\Java\jdk-21\bin\nio.dll
0x00007ffcd17b0000 - 0x00007ffcd17c8000 	C:\Program Files\Java\jdk-21\bin\zip.dll
0x00007ffcd1a40000 - 0x00007ffcd1a4e000 	C:\Program Files\Java\jdk-21\bin\sunmscapi.dll
0x00007ffcd9ac0000 - 0x00007ffcd9c26000 	C:\Windows\System32\CRYPT32.dll
0x00007ffcd8fd0000 - 0x00007ffcd8ffd000 	C:\Windows\SYSTEM32\ncrypt.dll
0x00007ffcd8f90000 - 0x00007ffcd8fc7000 	C:\Windows\SYSTEM32\NTASN1.dll
0x00007ffcd8e40000 - 0x00007ffcd8e5b000 	C:\Windows\SYSTEM32\CRYPTSP.dll
0x00007ffcd86c0000 - 0x00007ffcd86f5000 	C:\Windows\system32\rsaenh.dll
0x00007ffcd8cd0000 - 0x00007ffcd8cf8000 	C:\Windows\SYSTEM32\USERENV.dll
0x00007ffcd8e30000 - 0x00007ffcd8e3c000 	C:\Windows\SYSTEM32\CRYPTBASE.dll
0x00007ffcd8160000 - 0x00007ffcd818d000 	C:\Windows\SYSTEM32\IPHLPAPI.DLL
0x00007ffcda8f0000 - 0x00007ffcda8f9000 	C:\Windows\System32\NSI.dll
0x00007ffcd1950000 - 0x00007ffcd1960000 	C:\Program Files\Java\jdk-21\bin\verify.dll
0x00007ffcd1870000 - 0x00007ffcd187a000 	C:\Program Files\Java\jdk-21\bin\management.dll
0x00007ffcd17a0000 - 0x00007ffcd17ab000 	C:\Program Files\Java\jdk-21\bin\management_ext.dll
0x00007ffcdbfe0000 - 0x00007ffcdbfe8000 	C:\Windows\System32\PSAPI.DLL
0x00007ffcb08f0000 - 0x00007ffcb0907000 	C:\Windows\system32\napinsp.dll
0x00007ffcb08d0000 - 0x00007ffcb08eb000 	C:\Windows\system32\pnrpnsp.dll
0x00007ffcd8190000 - 0x00007ffcd8292000 	C:\Windows\SYSTEM32\DNSAPI.dll
0x00007ffcb08b0000 - 0x00007ffcb08c1000 	C:\Windows\System32\winrnr.dll
0x00007ffcd0c00000 - 0x00007ffcd0c15000 	C:\Windows\system32\wshbth.dll
0x00007ffcb0880000 - 0x00007ffcb08a7000 	C:\Windows\system32\nlansp_c.dll
0x00007ffcd0f50000 - 0x00007ffcd0f5a000 	C:\Windows\System32\rasadhlp.dll
0x00007ffcd0c20000 - 0x00007ffcd0ca3000 	C:\Windows\System32\fwpuclnt.dll
0x00007ffcd2350000 - 0x00007ffcd2369000 	C:\Windows\SYSTEM32\dhcpcsvc6.DLL
0x00007ffcd2330000 - 0x00007ffcd234f000 	C:\Windows\SYSTEM32\dhcpcsvc.DLL
0x00007ffcc5650000 - 0x00007ffcc5658000 	C:\Windows\system32\wshunix.dll
0x00007ffcd11d0000 - 0x00007ffcd11d9000 	C:\Program Files\Java\jdk-21\bin\extnet.dll

dbghelp: loaded successfully - version: 4.0.5 - missing functions: none
symbol engine: initialized successfully - sym options: 0x614 - pdb path: .;C:\Program Files\Java\jdk-21\bin;C:\Windows\SYSTEM32;C:\Windows\WinSxS\amd64_microsoft.windows.common-controls_6595b64144ccf1df_6.0.22621.4541_none_2710d1c57384c085;C:\Program Files\Java\jdk-21\bin\server

VM Arguments:
jvm_args: -XX:+ShowCodeDetailsInExceptionMessages 
java_command: com.example.TripSpring.TripSpringApplication
java_class_path (initial): C:\Users\³ª±Ù¹Î\Desktop\TripSpring\target\classes;C:\Users\³ª±Ù¹Î\.m2\repository\io\projectreactor\reactor-core\3.6.2\reactor-core-3.6.2.jar;C:\Users\³ª±Ù¹Î\.m2\repository\org\reactivestreams\reactive-streams\1.0.4\reactive-streams-1.0.4.jar;C:\Users\³ª±Ù¹Î\.m2\repository\org\springframework\boot\spring-boot-starter-webflux\3.2.2\spring-boot-starter-webflux-3.2.2.jar;C:\Users\³ª±Ù¹Î\.m2\repository\org\springframework\boot\spring-boot-starter\3.2.2\spring-boot-starter-3.2.2.jar;C:\Users\³ª±Ù¹Î\.m2\repository\org\springframework\boot\spring-boot\3.2.2\spring-boot-3.2.2.jar;C:\Users\³ª±Ù¹Î\.m2\repository\org\springframework\boot\spring-boot-autoconfigure\3.2.2\spring-boot-autoconfigure-3.2.2.jar;C:\Users\³ª±Ù¹Î\.m2\repository\org\springframework\boot\spring-boot-starter-logging\3.2.2\spring-boot-starter-logging-3.2.2.jar;C:\Users\³ª±Ù¹Î\.m2\repository\ch\qos\logback\logback-classic\1.4.14\logback-classic-1.4.14.jar;C:\Users\³ª±Ù¹Î\.m2\repository\ch\qos\logback\logback-core\1.4.14\logback-core-1.4.14.jar;C:\Users\³ª±Ù¹Î\.m2\repository\org\apache\logging\log4j\log4j-to-slf4j\2.21.1\log4j-to-slf4j-2.21.1.jar;C:\Users\³ª±Ù¹Î\.m2\repository\org\apache\logging\log4j\log4j-api\2.21.1\log4j-api-2.21.1.jar;C:\Users\³ª±Ù¹Î\.m2\repository\org\slf4j\jul-to-slf4j\2.0.11\jul-to-slf4j-2.0.11.jar;C:\Users\³ª±Ù¹Î\.m2\repository\jakarta\annotation\jakarta.annotation-api\2.1.1\jakarta.annotation-api-2.1.1.jar;C:\Users\³ª±Ù¹Î\.m2\repository\org\yaml\snakeyaml\2.2\snakeyaml-2.2.jar;C:\Users\³ª±Ù¹Î\.m2\repository\org\springframework\boot\spring-boot-starter-json\3.2.2\spring-boot-starter-json-3.2.2.jar;C:\Users\³ª±Ù¹Î\.m2\repository\com\fasterxml\jackson\core\jackson-databind\2.15.3\jackson-databind-2.15.3.jar;C:\Users\³ª±Ù¹Î\.m2\repository\com\fasterxml\jackson\core\jackson-annotations\2.15.3\jackson-annotations-2.15.3.jar;C:\Users\³ª±Ù¹Î\.m2\repository\com\fasterxml\jackson\core\jackson-core\2.15.3\jackson-core-2.15.3.jar;C:\Users\³ª±Ù¹Î\.m2\repository\com\fasterxml\jackson\datatype\jackson-datatype-jdk8\2.15.3\jackson-datatype-jdk8-2.15.3.jar;C:\Users\³ª±Ù¹Î\.m2\repository\com\fasterxml\jackson\datatype\jackson-datatype-jsr310\2.15.3\jackson-datatype-jsr310-2.15.3.jar;C:\Users\³ª±Ù¹Î\.m2\repository\com\fasterxml\jackson\module\jackson-module-parameter-names\2.15.3\jackson-module-parameter-names-2.15.3.jar;C:\Users\³ª±Ù¹Î\.m2\repository\org\springframework\boot\spring-boot-starter-reactor-netty\3.2.2\spring-boot-starter-reactor-netty-3.2.2.jar;C:\Users\³ª±Ù¹Î\.m2\repository\io\projectreactor\netty\reactor-netty-http\1.1.15\reactor-netty-http-1.1.15.jar;C:\Users\³ª±Ù¹Î\.m2\repository\io\netty\netty-codec-http\4.1.105.Final\netty-codec-http-4.1.105.Final.jar;C:\Users\³ª±Ù¹Î\.m2\repository\io\netty\netty-codec-http2\4.1.105.Final\netty-codec-http2-4.1.105.Final.jar;C:\Users\³ª±Ù¹Î\.m2\repository\io\netty\netty-resolver-dns\4.1.105.Final\netty-resolver-dns-4.1.105.Final.jar;C:\Users\³ª±Ù¹Î\.m2\repository\io\netty\netty-codec-dns\4.1.105.Final\netty-codec-dns-4.1.105.Final.jar;C:\Users\³ª±Ù¹Î\.m2\repository\io\netty\netty-resolver-dns-native-macos\4.1.105.Final\netty-resolver-dns-native-macos-4.1.105.Final-osx-x86_64.jar;C:\Users\³ª±Ù¹Î\.m2\repository\io\netty\netty-resolver-dns-classes-macos\4.1.105.Final\netty-resolver-dns-classes-macos-4.1.105.Final.jar;C:\Users\³ª±Ù¹Î\.m2\repository\io\netty\netty-transport-native-epoll\4.1.105.Final\netty-transport-native-epoll-4.1.105.Final-linux-x86_64.jar;C:\Users\³ª±Ù¹Î\.m2\repository\io\netty\netty-transport-classes-epoll\4.1.105.Final\netty-transport-classes-epoll-4.1.105.Final.jar;C:\Users\³ª±Ù¹Î\.m2\repository\io\projectreactor\netty\reactor-netty-core\1.1.15\reactor-netty-core-1.1.15.jar;C:\Users\³ª±Ù¹Î\.m2\repository\io\netty\netty-handler-proxy\4.1.105.Final\netty-handler-proxy-4.1.105.Final.jar;C:\Users\³ª±Ù¹Î\.m2\repository\io\netty\netty-codec-socks\4.1.105.Final\netty-codec-socks-4.1.105.Final.jar;C:\Users\³ª±Ù¹Î\.m2\repository\org\springframework\spring-web\6.1.3\spring-web-6.1.3.jar;C:\Users\³ª±Ù¹Î\.m2\repository\org\springframework\spring-beans\6.1.3\spring-beans-6.1.3.jar;C:\Users\³ª±Ù¹Î\.m2\repository\io\micrometer\micrometer-observation\1.12.2\micrometer-observation-1.12.2.jar;C:\Users\³ª±Ù¹Î\.m2\repository\io\micrometer\micrometer-commons\1.12.2\micrometer-commons-1.12.2.jar;C:\Users\³ª±Ù¹Î\.m2\repository\org\springframework\spring-webflux\6.1.3\spring-webflux-6.1.3.jar;C:\Users\³ª±Ù¹Î\.m2\repository\org\springframework\boot\spring-boot-starter-cache\3.2.2\spring-boot-starter-cache-3.2.2.jar;C:\Users\³ª±Ù¹Î\.m2\repository\org\springframework\spring-context-support\6.1.3\spring-context-support-6.1.3.jar;C:\Users\³ª±Ù¹Î\.m2\repository\org\springframework\spring-context\6.1.3\spring-context-6.1.3.jar;C:\Users\³ª±Ù¹Î\.m2\repository\org\springframework\boot\spring-boot-starter-data-jpa\3.2.2\spring-boot-starter-data-jpa-3.2.2.jar;C:\Users\³ª±Ù¹Î\.m2\repository\org\springframework\boot\spring-boot-starter-aop\3.2.2\spring-boot-starter-aop-3.2.2.jar;C:\Users\³ª±Ù¹Î\.m2\repository\org\aspectj\aspectjweaver\1.9.21\aspectjweaver-1.9.21.jar;C:\Users\³ª±Ù¹Î\.m2\repository\org\springframework\boot\spring-boot-starter-jdbc\3.2.2\spring-boot-starter-jdbc-3.2.2.jar;C:\Users\³ª±Ù¹Î\.m2\repository\com\zaxxer\HikariCP\5.0.1\HikariCP-5.0.1.jar;C:\Users\³ª±Ù¹Î\.m2\repository\org\springframework\spring-jdbc\6.1.3\spring-jdbc-6.1.3.jar;C:\Users\³ª±Ù¹Î\.m2\repository\org\hibernate\orm\hibernate-core\6.4.1.Final\hibernate-core-6.4.1.Final.jar;C:\Users\³ª±Ù¹Î\.m2\repository\jakarta\persistence\jakarta.persistence-api\3.1.0\jakarta.persistence-api-3.1.0.jar;C:\Users\³ª±Ù¹Î\.m2\repository\jakarta\transaction\jakarta.transaction-api\2.0.1\jakarta.transaction-api-2.0.1.jar;C:\Users\³ª±Ù¹Î\.m2\repository\org\jboss\logging\jboss-logging\3.5.3.Final\jboss-logging-3.5.3.Final.jar;C:\Users\³ª±Ù¹Î\.m2\repository\org\hibernate\common\hibernate-commons-annotations\6.0.6.Final\hibernate-commons-annotations-6.0.6.Final.jar;C:\Users\³ª±Ù¹Î\.m2\repository\io\smallrye\jandex\3.1.2\jandex-3.1.2.jar;C:\Users\³ª±Ù¹Î\.m2\repository\com\fasterxml\classmate\1.6.0\classmate-1.6.0.jar;C:\Users\³ª±Ù¹Î\.m2\repository\net\bytebuddy\byte-buddy\1.14.11\byte-buddy-1.14.11.jar;C:\Users\³ª±Ù¹Î\.m2\repository\org\glassfish\jaxb\jaxb-runtime\4.0.4\jaxb-runtime-4.0.4.jar;C:\Users\³ª±Ù¹Î\.m2\repository\org\glassfish\jaxb\jaxb-core\4.0.4\jaxb-core-4.0.4.jar;C:\Users\³ª±Ù¹Î\.m2\repository\org\eclipse\angus\angus-activation\2.0.1\angus-activation-2.0.1.jar;C:\Users\³ª±Ù¹Î\.m2\repository\org\glassfish\jaxb\txw2\4.0.4\txw2-4.0.4.jar;C:\Users\³ª±Ù¹Î\.m2\repository\com\sun\istack\istack-commons-runtime\4.1.2\istack-commons-runtime-4.1.2.jar;C:\Users\³ª±Ù¹Î\.m2\repository\jakarta\inject\jakarta.inject-api\2.0.1\jakarta.inject-api-2.0.1.jar;C:\Users\³ª±Ù¹Î\.m2\repository\org\antlr\antlr4-runtime\4.13.0\antlr4-runtime-4.13.0.jar;C:\Users\³ª±Ù¹Î\.m2\repository\org\springframework\data\spring-data-jpa\3.2.2\spring-data-jpa-3.2.2.jar;C:\Users\³ª±Ù¹Î\.m2\repository\org\springframework\data\spring-data-commons\3.2.2\spring-data-commons-3.2.2.jar;C:\Users\³ª±Ù¹Î\.m2\repository\org\springframework\spring-orm\6.1.3\spring-orm-6.1.3.jar;C:\Users\³ª±Ù¹Î\.m2\repository\org\springframework\spring-tx\6.1.3\spring-tx-6.1.3.jar;C:\Users\³ª±Ù¹Î\.m2\repository\org\springframework\spring-aspects\6.1.3\spring-aspects-6.1.3.jar;C:\Users\³ª±Ù¹Î\.m2\repository\org\springframework\boot\spring-boot-starter-security\3.2.2\spring-boot-starter-security-3.2.2.jar;C:\Users\³ª±Ù¹Î\.m2\repository\org\springframework\spring-aop\6.1.3\spring-aop-6.1.3.jar;C:\Users\³ª±Ù¹Î\.m2\repository\org\springframework\security\spring-security-config\6.2.1\spring-security-config-6.2.1.jar;C:\Users\³ª±Ù¹Î\.m2\repository\org\springframework\security\spring-security-web\6.2.1\spring-security-web-6.2.1.jar;C:\Users\³ª±Ù¹Î\.m2\repository\org\springframework\spring-expression\6.1.3\spring-expression-6.1.3.jar;C:\Users\³ª±Ù¹Î\.m2\repository\org\springframework\boot\spring-boot-starter-web\3.2.2\spring-boot-starter-web-3.2.2.jar;C:\Users\³ª±Ù¹Î\.m2\repository\org\springframework\boot\spring-boot-starter-tomcat\3.2.2\spring-boot-starter-tomcat-3.2.2.jar;C:\Users\³ª±Ù¹Î\.m2\repository\org\apache\tomcat\embed\tomcat-embed-core\10.1.18\tomcat-embed-core-10.1.18.jar;C:\Users\³ª±Ù¹Î\.m2\repository\org\apache\tomcat\embed\tomcat-embed-el\10.1.18\tomcat-embed-el-10.1.18.jar;C:\Users\³ª±Ù¹Î\.m2\repository\org\apache\tomcat\embed\tomcat-embed-websocket\10.1.18\tomcat-embed-websocket-10.1.18.jar;C:\Users\³ª±Ù¹Î\.m2\repository\org\springframework\spring-webmvc\6.1.3\spring-webmvc-6.1.3.jar;C:\Users\³ª±Ù¹Î\.m2\repository\org\springframework\boot\spring-boot-starter-data-redis\3.2.2\spring-boot-starter-data-redis-3.2.2.jar;C:\Users\³ª±Ù¹Î\.m2\repository\io\lettuce\lettuce-core\6.3.1.RELEASE\lettuce-core-6.3.1.RELEASE.jar;C:\Users\³ª±Ù¹Î\.m2\repository\io\netty\netty-common\4.1.105.Final\netty-common-4.1.105.Final.jar;C:\Users\³ª±Ù¹Î\.m2\repository\io\netty\netty-handler\4.1.105.Final\netty-handler-4.1.105.Final.jar;C:\Users\³ª±Ù¹Î\.m2\repository\io\netty\netty-resolver\4.1.105.Final\netty-resolver-4.1.105.Final.jar;C:\Users\³ª±Ù¹Î\.m2\repository\io\netty\netty-buffer\4.1.105.Final\netty-buffer-4.1.105.Final.jar;C:\Users\³ª±Ù¹Î\.m2\repository\io\netty\netty-transport-native-unix-common\4.1.105.Final\netty-transport-native-unix-common-4.1.105.Final.jar;C:\Users\³ª±Ù¹Î\.m2\repository\io\netty\netty-codec\4.1.105.Final\netty-codec-4.1.105.Final.jar;C:\Users\³ª±Ù¹Î\.m2\repository\io\netty\netty-transport\4.1.105.Final\netty-transport-4.1.105.Final.jar;C:\Users\³ª±Ù¹Î\.m2\repository\org\springframework\data\spring-data-redis\3.2.2\spring-data-redis-3.2.2.jar;C:\Users\³ª±Ù¹Î\.m2\repository\org\springframework\data\spring-data-keyvalue\3.2.2\spring-data-keyvalue-3.2.2.jar;C:\Users\³ª±Ù¹Î\.m2\repository\org\springframework\spring-oxm\6.1.3\spring-oxm-6.1.3.jar;C:\Users\³ª±Ù¹Î\.m2\repository\org\springframework\boot\spring-boot-starter-websocket\3.2.2\spring-boot-starter-websocket-3.2.2.jar;C:\Users\³ª±Ù¹Î\.m2\repository\org\springframework\spring-messaging\6.1.3\spring-messaging-6.1.3.jar;C:\Users\³ª±Ù¹Î\.m2\repository\org\springframework\spring-websocket\6.1.3\spring-websocket-6.1.3.jar;C:\Users\³ª±Ù¹Î\.m2\repository\org\springframework\boot\spring-boot-starter-batch\3.2.2\spring-boot-starter-batch-3.2.2.jar;C:\Users\³ª±Ù¹Î\.m2\repository\org\springframework\batch\spring-batch-core\5.1.0\spring-batch-core-5.1.0.jar;C:\Users\³ª±Ù¹Î\.m2\repository\org\springframework\batch\spring-batch-infrastructure\5.1.0\spring-batch-infrastructure-5.1.0.jar;C:\Users\³ª±Ù¹Î\.m2\repository\org\springframework\retry\spring-retry\2.0.5\spring-retry-2.0.5.jar;C:\Users\³ª±Ù¹Î\.m2\repository\io\micrometer\micrometer-core\1.12.2\micrometer-core-1.12.2.jar;C:\Users\³ª±Ù¹Î\.m2\repository\org\hdrhistogram\HdrHistogram\2.1.12\HdrHistogram-2.1.12.jar;C:\Users\³ª±Ù¹Î\.m2\repository\org\latencyutils\LatencyUtils\2.0.3\LatencyUtils-2.0.3.jar;C:\Users\³ª±Ù¹Î\.m2\repository\org\json\json\20231013\json-20231013.jar;C:\Users\³ª±Ù¹Î\.m2\repository\com\googlecode\json-simple\json-simple\1.1.1\json-simple-1.1.1.jar;C:\Users\³ª±Ù¹Î\.m2\repository\junit\junit\4.13.2\junit-4.13.2.jar;C:\Users\³ª±Ù¹Î\.m2\repository\org\hamcrest\hamcrest-core\2.2\hamcrest-core-2.2.jar;C:\Users\³ª±Ù¹Î\.m2\repository\org\apache\httpcomponents\client5\httpclient5\5.2.1\httpclient5-5.2.1.jar;C:\Users\³ª±Ù¹Î\.m2\repository\org\apache\httpcomponents\core5\httpcore5\5.2.4\httpcore5-5.2.4.jar;C:\Users\³ª±Ù¹Î\.m2\repository\org\apache\httpcomponents\core5\httpcore5-h2\5.2.4\httpcore5-h2-5.2.4.jar;C:\Users\³ª±Ù¹Î\.m2\repository\org\slf4j\slf4j-api\2.0.11\slf4j-api-2.0.11.jar;C:\Users\³ª±Ù¹Î\.m2\repository\com\h2database\h2\2.2.224\h2-2.2.224.jar;C:\Users\³ª±Ù¹Î\.m2\repository\org\projectlombok\lombok\1.18.30\lombok-1.18.30.jar;C:\Users\³ª±Ù¹Î\.m2\repository\jakarta\xml\bind\jakarta.xml.bind-api\4.0.1\jakarta.xml.bind-api-4.0.1.jar;C:\Users\³ª±Ù¹Î\.m2\repository\jakarta\activation\jakarta.activation-api\2.1.2\jakarta.activation-api-2.1.2.jar;C:\Users\³ª±Ù¹Î\.m2\repository\org\hamcrest\hamcrest\2.2\hamcrest-2.2.jar;C:\Users\³ª±Ù¹Î\.m2\repository\org\springframework\spring-core\6.1.3\spring-core-6.1.3.jar;C:\Users\³ª±Ù¹Î\.m2\repository\org\springframework\spring-jcl\6.1.3\spring-jcl-6.1.3.jar;C:\Users\³ª±Ù¹Î\.m2\repository\org\springframework\security\spring-security-core\6.2.1\spring-security-core-6.2.1.jar;C:\Users\³ª±Ù¹Î\.m2\repository\org\springframework\security\spring-security-crypto\6.2.1\spring-security-crypto-6.2.1.jar
Launcher Type: SUN_STANDARD

[Global flags]
     intx CICompilerCount                          = 4                                         {product} {ergonomic}
     uint ConcGCThreads                            = 3                                         {product} {ergonomic}
     uint G1ConcRefinementThreads                  = 10                                        {product} {ergonomic}
   size_t G1HeapRegionSize                         = 4194304                                   {product} {ergonomic}
    uintx GCDrainStackTargetSize                   = 64                                        {product} {ergonomic}
   size_t InitialHeapSize                          = 398458880                                 {product} {ergonomic}
   size_t MarkStackSize                            = 4194304                                   {product} {ergonomic}
   size_t MaxHeapSize                              = 6366953472                                {product} {ergonomic}
   size_t MaxNewSize                               = 3816816640                                {product} {ergonomic}
   size_t MinHeapDeltaBytes                        = 4194304                                   {product} {ergonomic}
   size_t MinHeapSize                              = 8388608                                   {product} {ergonomic}
    uintx NonNMethodCodeHeapSize                   = 5839372                                {pd product} {ergonomic}
    uintx NonProfiledCodeHeapSize                  = 122909434                              {pd product} {ergonomic}
    uintx ProfiledCodeHeapSize                     = 122909434                              {pd product} {ergonomic}
    uintx ReservedCodeCacheSize                    = 251658240                              {pd product} {ergonomic}
     bool SegmentedCodeCache                       = true                                      {product} {ergonomic}
     bool ShowCodeDetailsInExceptionMessages       = true                                   {manageable} {command line}
   size_t SoftMaxHeapSize                          = 6366953472                             {manageable} {ergonomic}
     bool UseCompressedOops                        = true                           {product lp64_product} {ergonomic}
     bool UseG1GC                                  = true                                      {product} {ergonomic}
     bool UseLargePagesIndividualAllocation        = false                                  {pd product} {ergonomic}

Logging:
Log output configuration:
 #0: stdout all=warning uptime,level,tags foldmultilines=false
 #1: stderr all=off uptime,level,tags foldmultilines=false

Environment Variables:
JAVA_HOME=C:\Program Files\Java\jdk-21
PATH=C:\Program Files (x86)\VMware\VMware Workstation\bin\;C:\Program Files\Common Files\Oracle\Java\javapath;C:\Program Files\NVIDIA GPU Computing Toolkit\CUDA\v12.6\bin;C:\Program Files\NVIDIA GPU Computing Toolkit\CUDA\v12.6\libnvvp;C:\Windows\system32;C:\Windows;C:\Windows\System32\Wbem;C:\Windows\System32\WindowsPowerShell\v1.0\;C:\Windows\System32\OpenSSH\;C:\Program Files (x86)\NVIDIA Corporation\PhysX\Common;C:\Program Files\NVIDIA Corporation\NVIDIA NvDLISR;C:\Program Files (x86)\Windows Kits\10\Windows Performance Toolkit\;C:\Program Files\dotnet\;C:\Program Files\NVIDIA Corporation\Nsight Compute 2024.3.2\;C:\Program Files\Java\jdk-21\lib;C:\Program Files\Java\jdk-21\bin;C:\php;C:\Program Files\Git\cmd;C:\Program Files\nodejs\;C:\Users\³ª±Ù¹Î\Downloads\apache-maven-3.9.9-bin\apache-maven-3.9.9\bin;C:\Users\³ª±Ù¹Î\Downloads\sqlite-tools-win-x64-3460100;C:\Program Files\ffmpeg-master-latest-win64-gpl\ffmpeg-master-latest-win64-gpl\bin;C:\Program Files\MySQL\MySQL Shell 8.0\bin\;C:\Users\³ª±Ù¹Î\AppData\Local\Microsoft\WindowsApps;C:\Users\³ª±Ù¹Î\AppData\Local\Programs\Microsoft VS Code\bin;C:\flutter_windows_3.24.3-stable\flutter\bin;C:\Users\³ª±Ù¹Î\.dotnet\tools;C:\Users\³ª±Ù¹Î\AppData\Roaming\npm;C:\Program Files\Tesseract-OCR;
USERNAME=³ª±Ù¹Î
LANG=en_US.UTF-8
OS=Windows_NT
PROCESSOR_IDENTIFIER=Intel64 Family 6 Model 154 Stepping 3, GenuineIntel
TMP=C:\Users\³ª±Ù¹Î\AppData\Local\Temp
TEMP=C:\Users\³ª±Ù¹Î\AppData\Local\Temp




Periodic native trim disabled

---------------  S Y S T E M  ---------------

OS:
 Windows 11 , 64 bit Build 22621 (10.0.22621.4391)
OS uptime: 12 days 16:11 hours

CPU: total 12 (initial active 12) (6 cores per cpu, 2 threads per core) family 6 model 154 stepping 3 microcode 0x424, cx8, cmov, fxsr, ht, mmx, 3dnowpref, sse, sse2, sse3, ssse3, sse4.1, sse4.2, popcnt, lzcnt, tsc, tscinvbit, avx, avx2, aes, erms, clmul, bmi1, bmi2, adx, sha, fma, vzeroupper, clflush, clflushopt, clwb, serialize, rdtscp, rdpid, fsrm, f16c, pku, cet_ibt, cet_ss
Processor Information for all 12 processors :
  Max Mhz: 2000, Current Mhz: 2000, Mhz Limit: 2000

Memory: 4k page, system-wide physical 24279M (6860M free)
TotalPageFile size 85213M (AvailPageFile size 27M)
current process WorkingSet (physical memory assigned to process): 306M, peak: 316M
current process commit charge ("private bytes"): 347M, peak: 549M

vm_info: Java HotSpot(TM) 64-Bit Server VM (21.0.4+8-LTS-274) for windows-amd64 JRE (21.0.4+8-LTS-274), built on 2024-06-05T05:23:33Z by "mach5one" with MS VC++ 17.6 (VS2022)

END.
